my name is lisa
i am a girl
